Copyright 1986-2021 Xilinx, Inc. All Rights Reserved.
-------------------------------------------------------------------------------------
| Tool Version : Vivado v.2021.1 (win64) Build 3247384 Thu Jun 10 19:36:33 MDT 2021
| Date         : Wed Mar  9 19:35:00 2022
| Host         : Endeavor running 64-bit major release  (build 9200)
| Command      : report_control_sets -verbose -file TopLevel_control_sets_placed.rpt
| Design       : TopLevel
| Device       : xc7a100t
-------------------------------------------------------------------------------------

Control Set Information

Table of Contents
-----------------
1. Summary
2. Histogram
3. Flip-Flop Distribution
4. Detailed Control Set Information

1. Summary
----------

+----------------------------------------------------------+-------+
|                          Status                          | Count |
+----------------------------------------------------------+-------+
| Total control sets                                       |    30 |
|    Minimum number of control sets                        |    30 |
|    Addition due to synthesis replication                 |     0 |
|    Addition due to physical synthesis replication        |     0 |
| Unused register locations in slices containing registers |   142 |
+----------------------------------------------------------+-------+
* Control sets can be merged at opt_design using control_set_merge or merge_equivalent_drivers
** Run report_qor_suggestions for automated merging and remapping suggestions


2. Histogram
------------

+--------------------+-------+
|       Fanout       | Count |
+--------------------+-------+
| Total control sets |    30 |
| >= 0 to < 4        |     4 |
| >= 4 to < 6        |     0 |
| >= 6 to < 8        |     1 |
| >= 8 to < 10       |     1 |
| >= 10 to < 12      |    11 |
| >= 12 to < 14      |     3 |
| >= 14 to < 16      |     0 |
| >= 16              |    10 |
+--------------------+-------+
* Control sets can be remapped at either synth_design or opt_design


3. Flip-Flop Distribution
-------------------------

+--------------+-----------------------+------------------------+-----------------+--------------+
| Clock Enable | Synchronous Set/Reset | Asynchronous Set/Reset | Total Registers | Total Slices |
+--------------+-----------------------+------------------------+-----------------+--------------+
| No           | No                    | No                     |              61 |           33 |
| No           | No                    | Yes                    |               0 |            0 |
| No           | Yes                   | No                     |              20 |           10 |
| Yes          | No                    | No                     |             158 |           69 |
| Yes          | No                    | Yes                    |               0 |            0 |
| Yes          | Yes                   | No                     |             291 |          111 |
+--------------+-----------------------+------------------------+-----------------+--------------+


4. Detailed Control Set Information
-----------------------------------

+--------------------------------+---------------------------------------------------------------------------------------------------------------------------+--------------------------------------------+------------------+----------------+--------------+
|          Clock Signal          |                                                       Enable Signal                                                       |              Set/Reset Signal              | Slice Load Count | Bel Load Count | Bels / Slice |
+--------------------------------+---------------------------------------------------------------------------------------------------------------------------+--------------------------------------------+------------------+----------------+--------------+
|  displayEngine/Hcounter/clk__0 |                                                                                                                           |                                            |                1 |              1 |         1.00 |
|  clockModule/inst/clk_out1     | interface/fpga_rtr_i_1_n_0                                                                                                |                                            |                1 |              1 |         1.00 |
|  clockModule/inst/clk_out1     | displayEngine/Hcounter/h_count_reg[7]_1                                                                                   | displayEngine/Hcounter/h_count_reg[10]_0   |                1 |              1 |         1.00 |
|  clockModule/inst/clk_out1     | displayEngine/Vcounter/v_count_reg[1]_1                                                                                   | displayEngine/Vcounter/Vsync0              |                1 |              1 |         1.00 |
|  clockModule/inst/clk_out1     | triangle_drawing/drawModule/E[0]                                                                                          |                                            |                2 |              6 |         3.00 |
|  clockModule/inst/clk_out1     | command_processor/color[7]_i_1_n_0                                                                                        | command_processor/x10                      |                4 |              8 |         2.00 |
|  displayEngine/Hcounter/clk__0 |                                                                                                                           | displayEngine/Vcounter/v_count[10]_i_1_n_0 |                4 |             10 |         2.50 |
|  clockModule/inst/clk_out1     |                                                                                                                           | displayEngine/Hcounter/h_count[10]_i_1_n_0 |                6 |             10 |         1.67 |
|  clockModule/inst/clk_out1     | triangle_drawing/side2/y_current[9]_i_1__0_n_0                                                                            | triangle_drawing/side2/dx0                 |                5 |             10 |         2.00 |
|  clockModule/inst/clk_out1     | triangle_drawing/side2/x_current[9]_i_1__0_n_0                                                                            | triangle_drawing/side2/dx0                 |                6 |             10 |         1.67 |
|  clockModule/inst/clk_out1     | blankScreen/state_reg_0                                                                                                   |                                            |                5 |             10 |         2.00 |
|  clockModule/inst/clk_out1     | blankScreen/E[0]                                                                                                          |                                            |                3 |             10 |         3.33 |
|  clockModule/inst/clk_out1     | triangle_drawing/side1/x_current[9]_i_1_n_0                                                                               | triangle_drawing/side1/dx0                 |                6 |             10 |         1.67 |
|  clockModule/inst/clk_out1     | triangle_drawing/side1/y_current[9]_i_1_n_0                                                                               | triangle_drawing/side1/dx0                 |                5 |             10 |         2.00 |
|  clockModule/inst/clk_out1     | triangle_drawing/drawModule/x[9]_i_2_n_0                                                                                  | triangle_drawing/drawModule/x0             |                3 |             10 |         3.33 |
|  clockModule/inst/clk_out1     | line_drawing/E[0]                                                                                                         | line_drawing/SR[0]                         |                4 |             10 |         2.50 |
|  clockModule/inst/clk_out1     | line_drawing/FSM_sequential_state_reg[0]_0[0]                                                                             | line_drawing/SR[0]                         |                4 |             10 |         2.50 |
|  clockModule/inst/clk_out1     | triangle_drawing/side2/D[11]_i_1__0_n_0                                                                                   | triangle_drawing/side2/dx0                 |                5 |             12 |         2.40 |
|  clockModule/inst/clk_out1     | triangle_drawing/side1/D[11]_i_1_n_0                                                                                      | triangle_drawing/side1/dx0                 |                4 |             12 |         3.00 |
|  clockModule/inst/clk_out1     | line_drawing/D[11]_i_1__1_n_0                                                                                             | line_drawing/SR[0]                         |                5 |             12 |         2.40 |
|  clockModule/inst/clk_out1     | triangle_drawing/side2/dx                                                                                                 | triangle_drawing/side2/dx0                 |                6 |             20 |         3.33 |
|  clockModule/inst/clk_out1     | command_processor/x3[9]_i_1_n_0                                                                                           |                                            |               11 |             20 |         1.82 |
|  clockModule/inst/clk_out1     | FIFO/U0/inst_fifo_gen/gconvfifo.rf/grf.rf/gntv_or_sync_fifo.gl0.rd/gr1.gr1_int.rfwft/E[0]                                 |                                            |                6 |             20 |         3.33 |
|  clockModule/inst/clk_out1     | FIFO/U0/inst_fifo_gen/gconvfifo.rf/grf.rf/gntv_or_sync_fifo.gl0.wr/gwss.wsts/wr_en_0[0]                                   |                                            |                5 |             20 |         4.00 |
|  clockModule/inst/clk_out1     | triangle_drawing/side1/dx                                                                                                 | triangle_drawing/side1/dx0                 |                6 |             20 |         3.33 |
|  clockModule/inst/clk_out1     | line_drawing/dx[9]_i_2_n_0                                                                                                | line_drawing/SR[0]                         |                6 |             20 |         3.33 |
|  clockModule/inst/clk_out1     | command_processor/x1[9]_i_2_n_0                                                                                           | command_processor/x10                      |               22 |             40 |         1.82 |
|  clockModule/inst/clk_out1     |                                                                                                                           |                                            |               32 |             60 |         1.88 |
|  clockModule/inst/clk_out1     | FIFO/U0/inst_fifo_gen/gconvfifo.rf/grf.rf/gntv_or_sync_fifo.gl0.rd/gr1.gr1_int.rfwft/gpregsm1.curr_fwft_state_reg[1]_0[0] |                                            |               36 |             71 |         1.97 |
|  clockModule/inst/clk_out1     | interface/dataIn[70]_i_2_n_0                                                                                              | interface/dataIn0                          |               18 |             75 |         4.17 |
+--------------------------------+---------------------------------------------------------------------------------------------------------------------------+--------------------------------------------+------------------+----------------+--------------+


