#-----------------------------------------------------------
# Vivado v2021.1 (64-bit)
# SW Build 3247384 on Thu Jun 10 19:36:33 MDT 2021
# IP Build 3246043 on Fri Jun 11 00:30:35 MDT 2021
# Start of session at: Tue Sep 28 11:54:36 2021
# Process ID: 16840
# Current directory: C:/Users/jblan/Documents/GitHub/Graphics-Processor-Senior-Project/Project Files/Senior-Project
# Command line: vivado.exe -gui_launcher_event rodinguilauncherevent1664 C:\Users\jblan\Documents\GitHub\Graphics-Processor-Senior-Project\Project Files\Senior-Project\Senior-Project.xpr
# Log file: C:/Users/jblan/Documents/GitHub/Graphics-Processor-Senior-Project/Project Files/Senior-Project/vivado.log
# Journal file: C:/Users/jblan/Documents/GitHub/Graphics-Processor-Senior-Project/Project Files/Senior-Project\vivado.jou
#-----------------------------------------------------------
start_gui
open_project {C:/Users/jblan/Documents/GitHub/Graphics-Processor-Senior-Project/Project Files/Senior-Project/Senior-Project.xpr}
update_compile_order -fileset sources_1
reset_run synth_1
launch_runs impl_1 -to_step write_bitstream -jobs 8
wait_on_run impl_1
open_hw_manager
connect_hw_server -allow_non_jtag
open_hw_target
set_property PROGRAM.FILE {C:/Users/jblan/Documents/GitHub/Graphics-Processor-Senior-Project/Project Files/Senior-Project/Senior-Project.runs/impl_1/vga_controller.bit} [get_hw_devices xc7a100t_0]
current_hw_device [get_hw_devices xc7a100t_0]
refresh_hw_device -update_hw_probes false [lindex [get_hw_devices xc7a100t_0] 0]
set_property PROBES.FILE {} [get_hw_devices xc7a100t_0]
set_property FULL_PROBES.FILE {} [get_hw_devices xc7a100t_0]
set_property PROGRAM.FILE {C:/Users/jblan/Documents/GitHub/Graphics-Processor-Senior-Project/Project Files/Senior-Project/Senior-Project.runs/impl_1/vga_controller.bit} [get_hw_devices xc7a100t_0]
program_hw_devices [get_hw_devices xc7a100t_0]
refresh_hw_device [lindex [get_hw_devices xc7a100t_0] 0]
close_hw_manager
reset_run synth_1
launch_runs impl_1 -jobs 8
wait_on_run impl_1
launch_runs impl_1 -to_step write_bitstream -jobs 8
wait_on_run impl_1
open_hw_manager
connect_hw_server -allow_non_jtag
open_hw_target
set_property PROGRAM.FILE {C:/Users/jblan/Documents/GitHub/Graphics-Processor-Senior-Project/Project Files/Senior-Project/Senior-Project.runs/impl_1/vga_controller.bit} [get_hw_devices xc7a100t_0]
current_hw_device [get_hw_devices xc7a100t_0]
refresh_hw_device -update_hw_probes false [lindex [get_hw_devices xc7a100t_0] 0]
set_property PROBES.FILE {} [get_hw_devices xc7a100t_0]
set_property FULL_PROBES.FILE {} [get_hw_devices xc7a100t_0]
set_property PROGRAM.FILE {C:/Users/jblan/Documents/GitHub/Graphics-Processor-Senior-Project/Project Files/Senior-Project/Senior-Project.runs/impl_1/vga_controller.bit} [get_hw_devices xc7a100t_0]
program_hw_devices [get_hw_devices xc7a100t_0]
refresh_hw_device [lindex [get_hw_devices xc7a100t_0] 0]
reset_run synth_1
launch_runs impl_1 -to_step write_bitstream -jobs 8
wait_on_run impl_1
set_property PROBES.FILE {} [get_hw_devices xc7a100t_0]
set_property FULL_PROBES.FILE {} [get_hw_devices xc7a100t_0]
set_property PROGRAM.FILE {C:/Users/jblan/Documents/GitHub/Graphics-Processor-Senior-Project/Project Files/Senior-Project/Senior-Project.runs/impl_1/vga_controller.bit} [get_hw_devices xc7a100t_0]
program_hw_devices [get_hw_devices xc7a100t_0]
refresh_hw_device [lindex [get_hw_devices xc7a100t_0] 0]
