#-----------------------------------------------------------
# Vivado v2021.1 (64-bit)
# SW Build 3247384 on Thu Jun 10 19:36:33 MDT 2021
# IP Build 3246043 on Fri Jun 11 00:30:35 MDT 2021
# Start of session at: Wed Sep 15 18:45:01 2021
# Process ID: 15356
# Current directory: C:/Users/jblan/Documents/GitHub/Graphics-Processor-Senior-Project/Project Files/Senior-Project
# Command line: vivado.exe -gui_launcher_event rodinguilauncherevent5428 C:\Users\jblan\Documents\GitHub\Graphics-Processor-Senior-Project\Project Files\Senior-Project\Senior-Project.xpr
# Log file: C:/Users/jblan/Documents/GitHub/Graphics-Processor-Senior-Project/Project Files/Senior-Project/vivado.log
# Journal file: C:/Users/jblan/Documents/GitHub/Graphics-Processor-Senior-Project/Project Files/Senior-Project\vivado.jou
#-----------------------------------------------------------
start_gui
open_project {C:/Users/jblan/Documents/GitHub/Graphics-Processor-Senior-Project/Project Files/Senior-Project/Senior-Project.xpr}
launch_simulation
launch_simulation
launch_simulation
launch_simulation
launch_simulation
launch_simulation
launch_simulation
